
[31m> > > > > Update Resources [2026-08-18 15:51:19] < < < < <[0m


[34m* * * * * Update homebrew resources * * * * *[0m


[35m>>>>> Update: brew_update[0m

Already up-to-date.
HOMEBREW_BREW_GIT_REMOTE set: using https://mirrors.ustc.edu.cn/brew.git as the Homebrew/brew Git remote.

[35m>>>>> Update: brew_upgrade[0m

homebrew: no needs for updating


[34m* * * * * Update conda resources * * * * *[0m


[35m>>>>> Update: conda base[0m

Channels:
 - https://mirrors.ustc.edu.cn/anaconda/pkgs/main
 - https://mirrors.ustc.edu.cn/anaconda/pkgs/r
 - https://mirrors.ustc.edu.cn/anaconda/pkgs/msys2
 - https://mirrors.ustc.edu.cn/anaconda/cloud/conda-forge
 - https://mirrors.ustc.edu.cn/anaconda/cloud/bioconda
Platform: osx-arm64
Collecting package metadata (repodata.json): ...working... done
Solving environment: ...working... done

# All requested packages already installed.

[35m>>>>> Update: conda all[0m

Channels:
 - https://mirrors.ustc.edu.cn/anaconda/pkgs/main
 - https://mirrors.ustc.edu.cn/anaconda/pkgs/r
 - https://mirrors.ustc.edu.cn/anaconda/pkgs/msys2
 - https://mirrors.ustc.edu.cn/anaconda/cloud/conda-forge
 - https://mirrors.ustc.edu.cn/anaconda/cloud/bioconda
Platform: osx-arm64
Collecting package metadata (repodata.json): ...working... done
Solving environment: ...working... done

# All requested packages already installed.

[34m* * * * * Cleanup Temporary Packages * * * * *[0m


[35m>>>>> Clean up conda temporary packages[0m

There are no unused tarball(s) to remove.

[35m✅ 结果：清除 Conda 垃圾 - 成功[0m


[35m>>>>> Clean up conda unused packages[0m

There are no unused package(s) to remove.

[35m✅ 结果：清除 Conda 未使用包 - 成功[0m


[35m>>>>> Clean up homebrew temporary packages[0m

Removing: /Users/raymondlei/Library/Caches/Homebrew/external_commands_list.txt... (1B)
Removing: /Users/raymondlei/Library/Caches/Homebrew/all_commands_list.txt... (1KB)
==> This operation has freed approximately 1KB of disk space.

[35m✅ 结果：清除 HomeBrew 垃圾 - 成功[0m


[31m> > > > > Finished [2026-08-18 15:51:43] < < < < <[0m

